// Jest Snapshot v1, https://goo.gl/fbAQLP

exports[`Dashboard should render correctly 1`] = `
<div>
  Dashboard page
</div>
`;
